// Jest Snapshot v1, https://goo.gl/fbAQLP

exports[`Badge should match snapshot 1`] = `
<Badge
  circled={true}
  dataTest="test"
  type="info"
>
  badge
</Badge>
`;
